%!Adobe-FontList 1.10

%BeginFont
Handler:DirectoryHandler
FontType:TrueType
FontName:Untitled1
FamilyName:Untitled1
StyleName:Regular
FullName:Untitled1
WritingScript:Roman
OutlineFileName:C:\egdf\vv2\Font\vm.ttf
DataFormat:sfntData
FileLength:6132
FileModTime:1491818994
WeightClass:400
WidthClass:5
AngleClass:0
%EndFont

%BeginFont
Handler:DirectoryHandler
FontType:TrueType
FontName:Untitled1
FamilyName:Untitled1
StyleName:Regular
FullName:Untitled1
WritingScript:Roman
OutlineFileName:C:\egdf\vv2\Font\vm2.ttf
DataFormat:sfntData
FileLength:12220
FileModTime:1491819370
WeightClass:400
WidthClass:5
AngleClass:0
%EndFont

%BeginFont
Handler:DirectoryHandler
FontType:Invalid
OutlineFileName:C:\egdf\vv2\Font\vm3.g2n
FileModTime:1491819474
%EndFont

%BeginFont
Handler:DirectoryHandler
FontType:TrueType
FontName:vm
FamilyName:vm
StyleName:Regular
FullName:vm
WritingScript:Roman
OutlineFileName:C:\egdf\vv2\Font\vm3.ttf
DataFormat:sfntData
FileLength:12180
FileModTime:1491819474
WeightClass:400
WidthClass:5
AngleClass:0
%EndFont

%BeginFont
Handler:DirectoryHandler
FontType:Invalid
OutlineFileName:C:\egdf\vv2\Font\vm4.g2n
FileModTime:1492239344
%EndFont

%BeginFont
Handler:DirectoryHandler
FontType:TrueType
FontName:Untitled1
FamilyName:Untitled1
StyleName:Regular
FullName:Untitled1
FamilyNameNative:
StyleNameNative:Regular
FullNameNative:
WritingScript:Cyrillic
OutlineFileName:C:\egdf\vv2\Font\vm4.ttf
DataFormat:sfntData
FileLength:25112
FileModTime:1492239344
WeightClass:400
WidthClass:5
AngleClass:0
%EndFont

%BeginFont
Handler:DirectoryHandler
FontType:Invalid
OutlineFileName:C:\egdf\vv2\Font\vm5.g2n
FileModTime:1492239540
%EndFont

%BeginFont
Handler:DirectoryHandler
FontType:TrueType
FontName:vmv1
FamilyName:vmv1
StyleName:Regular
FullName:vmv1
FamilyNameNative:
StyleNameNative:Regular
FullNameNative:
WritingScript:Cyrillic
OutlineFileName:C:\egdf\vv2\Font\vm5.ttf
DataFormat:sfntData
FileLength:25052
FileModTime:1492239540
WeightClass:400
WidthClass:5
AngleClass:0
%EndFont

